15:34:08 **** Incremental Build of configuration Debug for project STARDUST_OBC ****
make -j12 all 
arm-none-eabi-gcc "../Core/Src/freertos.c" -mcpu=cortex-m4 -std=gnu11 -g3 -DDEBUG -DUSE_HAL_DRIVER -DSTM32F446xx -c -I../Core/Inc -I../Drivers/STM32F4xx_HAL_Driver/Inc -I../Drivers/STM32F4xx_HAL_Driver/Inc/Legacy -I../Drivers/CMSIS/Device/ST/STM32F4xx/Include -I../Drivers/CMSIS/Include -I../FATFS/Target -I../FATFS/App -I../Middlewares/Third_Party/FatFs/src -I../Middlewares/Third_Party/FreeRTOS/Source/include -I../Middlewares/Third_Party/FreeRTOS/Source/CMSIS_RTOS_V2 -I../Middlewares/Third_Party/FreeRTOS/Source/portable/GCC/ARM_CM4F -I../X-CUBE-MEMS1/Target -I../Drivers/BSP/Components/lis3mdl -O0 -ffunction-sections -fdata-sections -Wall -u_printf_float -u_scanf_float -fstack-usage -fcyclomatic-complexity -MMD -MP -MF"Core/Src/freertos.d" -MT"Core/Src/freertos.o" --specs=nano.specs -mfpu=fpv4-sp-d16 -mfloat-abi=hard -mthumb -o "Core/Src/freertos.o"
../Core/Src/freertos.c: In function 'checkStateEntry':
../Core/Src/freertos.c:276:21: warning: pointer targets in passing argument 1 of 'sprintf' differ in signedness [-Wpointer-sign]
  276 |             sprintf(flightStateData, "%d\n", flightState);
      |                     ^~~~~~~~~~~~~~~
      |                     |
      |                     uint8_t * {aka unsigned char *}
In file included from ../Core/Inc/system.h:6,
                 from ../Core/Src/freertos.c:32:
C:\ST\STM32CubeIDE_1.11.2\STM32CubeIDE\plugins\com.st.stm32cube.ide.mcu.externaltools.gnu-tools-for-stm32.11.3.rel1.win32_1.1.0.202305231506\tools\bin/../lib/gcc/arm-none-eabi/11.3.1/../../../../arm-none-eabi/include/stdio.h:254:18: note: expected 'char * restrict' but argument is of type 'uint8_t *' {aka 'unsigned char *'}
  254 | int     sprintf (char *__restrict, const char *__restrict, ...)
      |                  ^
../Core/Src/freertos.c: In function 'sdLogEnrty':
../Core/Src/freertos.c:399:9: warning: unused variable 'tick_t' [-Wunused-variable]
  399 |     int tick_t = 0;
      |         ^~~~~~
../Core/Src/freertos.c:398:11: warning: unused variable 'test_float' [-Wunused-variable]
  398 |     float test_float = 0.0f;
      |           ^~~~~~~~~~
../Core/Src/freertos.c: In function 'checkStateEntry':
../Core/Src/freertos.c:276:43: warning: 'sprintf' writing a terminating nul past the end of the destination [-Wformat-overflow=]
  276 |             sprintf(flightStateData, "%d\n", flightState);
      |                                           ^
../Core/Src/freertos.c:276:13: note: 'sprintf' output between 3 and 5 bytes into a destination of size 2
  276 |             sprintf(flightStateData, "%d\n", flightState);
      |             ^~~~~~~~~~~~~~~~~~~~~~~~~~~~~~~~~~~~~~~~~~~~~
arm-none-eabi-gcc -o "STARDUST_OBC.elf" @"objects.list"   -mcpu=cortex-m4 -T"C:\Users\BurakKAYAALP\Desktop\PreflightDemo\pfd_obc\STARDUST_OBC\STM32F446RETX_FLASH.ld" --specs=nosys.specs -Wl,-Map="STARDUST_OBC.map" -Wl,--gc-sections -static -u_printf_float -u_scanf_float --specs=nano.specs -mfpu=fpv4-sp-d16 -mfloat-abi=hard -mthumb -Wl,--start-group -lc -lm -Wl,--end-group
Finished building target: STARDUST_OBC.elf
 
arm-none-eabi-size   STARDUST_OBC.elf 
arm-none-eabi-objdump -h -S  STARDUST_OBC.elf  > "STARDUST_OBC.list"
   text	   data	    bss	    dec	    hex	filename
  83232	    504	  31664	 115400	  1c2c8	STARDUST_OBC.elf
Finished building: default.size.stdout
 
Finished building: STARDUST_OBC.list
 

15:34:09 Build Finished. 0 errors, 4 warnings. (took 1s.334ms)

